// Jest Snapshot v1, https://goo.gl/fbAQLP

exports[`ThemeSwitch Test 1`] = `
<div>
  <button
    class="sxqxfk8"
    data-testid="themeSwitch"
    type="button"
  >
    <i
      class="gg-sun"
    />
  </button>
</div>
`;
