// Jest Snapshot v1, https://goo.gl/fbAQLP

exports[`Button Test 1`] = `
<div>
  <button
    class="sxf40k1"
    data-testid="button"
  >
    Hello
  </button>
</div>
`;
